<?xml version="1.0" ?>
<testsuites failures="0" name="TestXML" tests="1" time="0.074">
	<testsuite name="SceneManagerTests" failures="0"  tests="1" time="0">
		<testcase name="When readying" time="0"></testcase>
	</testsuite>

</testsuites>